// Jest Snapshot v1, https://goo.gl/fbAQLP

exports[`Fetch bond data api should be throw exception 1`] = `"received is not a function"`;
